epoch 1 loss: 1.0000
epoch 2 loss: .5000
epoch 3 loss: .3333
epoch 4 loss: .2500
epoch 5 loss: .2000
epoch 6 loss: .1666
epoch 7 loss: .1428
epoch 8 loss: .1250
epoch 9 loss: .1111
epoch 10 loss: .1000
epoch 11 loss: .0909
epoch 12 loss: .0833
epoch 13 loss: .0769
epoch 14 loss: .0714
epoch 15 loss: .0666
epoch 16 loss: .0625
epoch 17 loss: .0588
epoch 18 loss: .0555
epoch 19 loss: .0526
epoch 20 loss: .0500
epoch 21 loss: .0476
epoch 22 loss: .0454
epoch 23 loss: .0434
epoch 24 loss: .0416
epoch 25 loss: .0400
epoch 26 loss: .0384
epoch 27 loss: .0370
epoch 28 loss: .0357
epoch 29 loss: .0344
epoch 30 loss: .0333
epoch 31 loss: .0322
epoch 32 loss: .0312
epoch 33 loss: .0303
epoch 34 loss: .0294
epoch 35 loss: .0285
epoch 36 loss: .0277
epoch 37 loss: .0270
epoch 38 loss: .0263
epoch 39 loss: .0256
epoch 40 loss: .0250
epoch 41 loss: .0243
epoch 42 loss: .0238
epoch 43 loss: .0232
epoch 44 loss: .0227
epoch 45 loss: .0222
epoch 46 loss: .0217
epoch 47 loss: .0212
epoch 48 loss: .0208
epoch 49 loss: .0204
epoch 50 loss: .0200
epoch 51 loss: .0196
epoch 52 loss: .0192
epoch 53 loss: .0188
epoch 54 loss: .0185
epoch 55 loss: .0181
epoch 56 loss: .0178
epoch 57 loss: .0175
epoch 58 loss: .0172
epoch 59 loss: .0169
epoch 60 loss: .0166
epoch 61 loss: .0163
epoch 62 loss: .0161
epoch 63 loss: .0158
epoch 64 loss: .0156
epoch 65 loss: .0153
epoch 66 loss: .0151
epoch 67 loss: .0149
epoch 68 loss: .0147
epoch 69 loss: .0144
epoch 70 loss: .0142
epoch 71 loss: .0140
epoch 72 loss: .0138
epoch 73 loss: .0136
epoch 74 loss: .0135
epoch 75 loss: .0133
epoch 76 loss: .0131
epoch 77 loss: .0129
epoch 78 loss: .0128
epoch 79 loss: .0126
epoch 80 loss: .0125
epoch 81 loss: .0123
epoch 82 loss: .0121
epoch 83 loss: .0120
epoch 84 loss: .0119
epoch 85 loss: .0117
epoch 86 loss: .0116
epoch 87 loss: .0114
epoch 88 loss: .0113
epoch 89 loss: .0112
epoch 90 loss: .0111
epoch 91 loss: .0109
epoch 92 loss: .0108
epoch 93 loss: .0107
epoch 94 loss: .0106
epoch 95 loss: .0105
epoch 96 loss: .0104
epoch 97 loss: .0103
epoch 98 loss: .0102
epoch 99 loss: .0101
epoch 100 loss: .0100
